id	pos	gpos	p1	ihh1	p2	ihh2	xpehh
rs1	157717	0.157717	0.2457	3797.26	0.5118	2789.14	1.13271
rs2	231071	0.231071	0.3241	1706.56	0.8237	1199.43	0.33827
rs3	254249	0.254249	0.8675	1322.95	0.7702	8142.67	-1.69323
rs4	262906	0.262906	0.4613	2065.61	0.251	727.63	1.06877
rs5	328548	0.328548	0.8107	10783.62	0.5708	22428.31	1.3129
rs6	374107	0.374107	0.8996	3848.04	0.781	4678.66	-0.31122
rs7	374499	0.374499	0.64	8014.28	0.7244	15579.54	-0.15368
rs8	378360	0.37836	0.7117	18579.01	0.2466	6746.83	-1.02779
rs9	409525	0.409525	0.4005	1390.37	0.6634	1622.22	-0.07791
rs10	447365	0.447365	0.438	1211.1	0.6182	3771.41	0.60457
rs11	457790	0.45779	0.3151	1494.2	0.1772	6825.64	-0.57891
rs12	487790	0.48779	0.7218	11655.45	0.1216	3153.28	0.85359
rs13	492769	0.492769	0.4326	1971.72	0.1869	116.68	-0.28905
rs14	514417	0.514417	0.1425	7425.44	0.6441	329.89	-0.87163
rs15	557656	0.557656	0.3843	429.11	0.1154	7615.97	-0.30018
rs16	574296	0.574296	0.2197	1287.37	0.6044	3722.21	-0.14996
rs17	595535	0.595535	0.7358	9902.65	0.751	421.87	0.29372
rs18	629609	0.629609	0.6614	12442.05	0.409	3163.86	-0.30706
rs19	636273	0.636273	0.1193	3486.45	0.7525	5899.74	0.11589
rs20	660278	0.660278	0.1846	3404.29	0.117	18069.48	-0.37637
rs21	675253	0.675253	0.1116	4079.96	0.458	2055.99	0.13492
rs22	680651	0.680651	0.1998	510.17	0.4275	351.71	-0.93922
rs23	739601	0.739601	0.2975	4103.67	0.8366	12108.33	-1.04624
rs24	742949	0.742949	0.1444	4427.31	0.5997	7347.48	-0.72453
rs25	760362	0.760362	0.803	210.8	0.2557	779.43	-1.03466
rs26	794031	0.794031	0.4054	3514.37	0.6989	1257.13	1.34661
rs27	797765	0.797765	0.5736	4679.34	0.4024	1969.68	1.84586
rs28	835719	0.835719	0.1767	57.03	0.4501	219.99	0.75411
rs29	846662	0.846662	0.3645	5514.38	0.3338	3890.33	-0.0054
rs30	881304	0.881304	0.2346	6870.65	0.6148	3873.56	0.73952
rs31	898254	0.898254	0.1779	2665.65	0.8743	3599.66	-1.45047
rs32	956744	0.956744	0.2418	149.56	0.4658	2575.74	0.83947
rs33	959195	0.959195	0.6805	518.08	0.2211	3599.62	0.99425
rs34	960723	0.960723	0.8912	1009.4	0.1311	9079.86	1.05698
rs35	1005347	1.005347	0.1639	3509.48	0.1188	1073.16	-1.24372
rs36	1030587	1.030587	0.5316	634.22	0.5205	2997.84	0.17342
rs37	1167058	1.167058	0.2187	12182.11	0.8029	8369.52	1.92602
rs38	1184529	1.184529	0.3361	4627.31	0.4033	1147.73	0.62528
rs39	1206517	1.206517	0.4166	1183.66	0.6892	119.03	-0.06963
rs40	1277420	1.27742	0.5076	7197.56	0.3831	1255.84	-1.12495
rs41	1285066	1.285066	0.7538	5290.12	0.5505	5782.88	0.83514
rs42	1296738	1.296738	0.547	1428.93	0.2329	3706.6	-1.28845
rs43	1299278	1.299278	0.2523	11290.09	0.2121	1488.69	-0.36033
rs44	1317804	1.317804	0.6722	4274.94	0.3683	1993.05	2.34842
rs45	1317926	1.317926	0.7684	12619	0.8359	471.2	-0.513
rs46	1348396	1.348396	0.1523	9331.55	0.8805	503.34	-1.68005
rs47	1349906	1.349906	0.3851	944.81	0.4917	3453.19	-0.32065
rs48	1384309	1.384309	0.4465	6822.65	0.209	6341.89	-0.58726
rs49	1387139	1.387139	0.2177	6702.65	0.3044	1850.06	1.98275
rs50	1423314	1.423314	0.4512	279.25	0.4436	2084.82	-0.42922
rs51	1424361	1.424361	0.8816	918.37	0.5776	880.09	-1.1193
rs52	1454656	1.454656	0.176	962.4	0.2346	11085.28	-1.18406
rs53	1459215	1.459215	0.7982	2812.3	0.7573	40.57	0.18758
rs54	1476343	1.476343	0.6179	2736.76	0.4832	5768.71	0.27062
rs55	1487569	1.487569	0.1869	1909.51	0.8468	3476.26	0.19741
rs56	1602448	1.602448	0.6082	1064.18	0.303	10670.41	-0.37316
rs57	1619877	1.619877	0.1714	10814.2	0.6793	1250.39	-0.48337
rs58	1753881	1.753881	0.2388	8594.01	0.6926	1367.96	0.6146
rs59	1789987	1.789987	0.1493	614.99	0.1158	3209.57	1.35995
rs60	1804107	1.804107	0.7684	245.93	0.5784	11159	0.27646
rs61	1811776	1.811776	0.2873	16589.53	0.6347	1118.36	-1.63141
rs62	1826196	1.826196	0.2507	7880.36	0.6647	4749.77	2.20785
rs63	1853488	1.853488	0.8703	12453.75	0.2667	5788.51	-0.14015
rs64	1861517	1.861517	0.3739	8348.37	0.6227	491.58	-0.37178
rs65	1938126	1.938126	0.7346	2047.79	0.773	3492.92	-0.05413
rs66	1946089	1.946089	0.7175	4739.34	0.6131	1269.35	0.81196
rs67	1961430	1.96143	0.5509	19002.92	0.4305	1885.69	-0.79498
rs68	1984916	1.984916	0.2491	19753.35	0.3852	3275.1	-0.24863
rs69	1990604	1.990604	0.3156	13528.61	0.4681	2335.16	1.74848
rs70	1991914	1.991914	0.3927	3075.93	0.467	1998.08	-1.46273
rs71	1998299	1.998299	0.2746	9394.59	0.2893	1300.7	-0.44364
rs72	2021135	2.021135	0.1911	1809.13	0.435	3.77	0.08022
rs73	2023586	2.023586	0.1623	13013.67	0.4861	2071.85	-0.9113
rs74	2072803	2.072803	0.1918	14057.3	0.5765	3758.52	0.64507
rs75	2079405	2.079405	0.605	18815.92	0.3149	4247.99	1.12627
rs76	2119765	2.119765	0.6302	1417.55	0.1493	2423.48	-1.97799
rs77	2121423	2.121423	0.1462	6843.31	0.5338	4430.91	-1.48286
rs78	2148234	2.148234	0.1321	2005.05	0.6065	714.88	-0.98861
rs79	2173356	2.173356	0.1117	712.82	0.8389	1543.06	1.19787
rs80	2176686	2.176686	0.64	1865.28	0.2689	1420.18	-0.26254
rs81	2216296	2.216296	0.7685	4791.04	0.4199	1649.88	-1.81616
rs82	2231257	2.231257	0.5387	420.63	0.3479	1163.09	1.11463
rs83	2254649	2.254649	0.6762	12032.32	0.8732	283.13	0.02497
rs84	2287945	2.287945	0.1575	13859.11	0.572	1883.53	-0.55816
rs85	2336627	2.336627	0.4094	8350.96	0.794	2155.94	0.45288
rs86	2340863	2.340863	0.8132	2602.13	0.4445	1226.66	-1.44528
rs87	2414858	2.414858	0.6485	3305.58	0.3155	1916.07	-1.07073
rs88	2423711	2.423711	0.8872	4277.38	0.7807	2874.16	-1.11408
rs89	2437984	2.437984	0.8638	2560.95	0.812	711.56	-0.52123
rs90	2459434	2.459434	0.8244	12.13	0.4112	3186.52	2.33247
rs91	2496101	2.496101	0.8827	430.58	0.7879	5023.68	1.44262
rs92	2496505	2.496505	0.5522	517.81	0.4406	2143.03	0.66895
rs93	2528421	2.528421	0.843	5912.28	0.7242	2794.3	-0.51971
rs94	2530016	2.530016	0.7969	1799.68	0.6648	524.1	0.19181
rs95	2550829	2.550829	0.7922	492.01	0.5974	5001.63	0.32688
rs96	2580686	2.580686	0.7829	741.04	0.3715	1944.48	-1.86282
rs97	2584759	2.584759	0.2051	4146.76	0.2053	1959.27	-0.03583
rs98	2603762	2.603762	0.7057	118.68	0.1248	1335.11	1.91694
rs99	2614962	2.614962	0.8478	7388.97	0.3087	9607.21	-0.50711
rs100	2627651	2.627651	0.4099	4696.2	0.2152	1245.59	0.26357
rs101	2641223	2.641223	0.4067	9457.16	0.1054	5953.28	0.9826
rs102	2649944	2.649944	0.2164	6210.93	0.1635	5703.76	-0.08534
rs103	2675922	2.675922	0.1405	1977.62	0.4377	271.06	-0.26541
rs104	2701577	2.701577	0.377	2578.44	0.3358	1962.35	-0.26101
rs105	2701817	2.701817	0.4369	3186.63	0.5167	686.3	-0.87867
rs106	2838655	2.838655	0.1899	17212.24	0.1508	7227.49	-0.57
rs107	2866105	2.866105	0.3079	791.95	0.1093	7660.88	1.14938
rs108	2871938	2.871938	0.1995	20189.28	0.151	13178.65	-1.06402
rs109	2875786	2.875786	0.2111	6150.28	0.2771	7499.19	1.01
rs110	2893000	2.893	0.4668	772.74	0.5106	380.76	-0.09346
rs111	2968301	2.968301	0.4454	665.2	0.8139	3178.07	0.23903
rs112	2979992	2.979992	0.2682	3850.86	0.7065	3746.76	-0.01141
rs113	2983093	2.983093	0.7076	3033.74	0.8146	3023.25	0.59411
rs114	2990910	2.99091	0.2273	25498.11	0.2152	13431.28	0.24995
rs115	2993367	2.993367	0.715	12205.21	0.7924	6923.06	-0.03941
rs116	3032552	3.032552	0.8212	2103.83	0.6006	587.41	-0.21362
rs117	3051565	3.051565	0.4543	831.48	0.3834	6310.98	0.64749
rs118	3105556	3.105556	0.8103	9644.07	0.5473	1978.35	1.83183
rs119	3109333	3.109333	0.8954	5130.07	0.4095	2386.96	1.90656
rs120	3110091	3.110091	0.5652	4617.66	0.6429	461.49	-1.06706
rs121	3120331	3.120331	0.4285	1627.77	0.1507	1981.85	0.41652
rs122	3123720	3.12372	0.1211	10269.4	0.7921	13097.57	0.37988
rs123	3126009	3.126009	0.8032	7013.39	0.2359	6334.53	-0.22329
rs124	3187648	3.187648	0.5018	4445.98	0.1575	2109.87	0.66809
rs125	3224403	3.224403	0.8178	2859.03	0.3998	3841.89	-0.57418
rs126	3230973	3.230973	0.6378	206.87	0.7659	258.37	-0.6064
rs127	3245117	3.245117	0.281	13557.56	0.3202	3.29	-0.17154
rs128	3282861	3.282861	0.1014	4289.74	0.4282	12542.78	-0.29094
rs129	3301263	3.301263	0.2436	4375.7	0.1567	3264.68	0.24749
rs130	3343446	3.343446	0.3314	947.9	0.2719	2573.75	-1.30891
rs131	3392494	3.392494	0.2742	2494.05	0.7673	19305.69	-0.50133
rs132	3396716	3.396716	0.6115	6254.35	0.8344	4468.68	1.25171
rs133	3400815	3.400815	0.7204	18264.43	0.3956	851.8	-1.28448
rs134	3412521	3.412521	0.2204	1419.25	0.487	7289.92	0.01178
rs135	3427819	3.427819	0.7079	794.3	0.6556	2088.71	-1.11287
rs136	3442130	3.44213	0.4545	1190.73	0.4099	569.47	0.40719
rs137	3448189	3.448189	0.4937	7982.65	0.1039	4095.44	-0.92671
rs138	3474256	3.474256	0.632	693.14	0.5391	1065.94	0.799
rs139	3557597	3.557597	0.556	2068.77	0.4011	6922.05	-0.52874
rs140	3560919	3.560919	0.883	5717.74	0.5201	8367.1	-0.69197
rs141	3596997	3.596997	0.4459	4935.24	0.362	3575.71	-0.40795
rs142	3600352	3.600352	0.2003	20877.72	0.4138	2680.81	0.60595
rs143	3605012	3.605012	0.3264	7303.43	0.6936	10440.24	-0.03726
rs144	3645169	3.645169	0.6311	6206.88	0.3563	9289.8	-0.23683
rs145	3659351	3.659351	0.8073	7043.15	0.8124	1026.33	1.57339
rs146	3675652	3.675652	0.73	124.61	0.2502	5056.82	1.0331
rs147	3690128	3.690128	0.8043	10123.39	0.3299	6694.44	-0.18137
rs148	3786053	3.786053	0.8046	4390.37	0.3798	4270.43	-0.22412
rs149	3810060	3.81006	0.4672	4805.46	0.341	4809.13	-0.7951
rs150	3836681	3.836681	0.8332	5885.2	0.3047	2332.27	-0.36482
rs151	3850442	3.850442	0.471	18483.06	0.4089	511.97	-0.24572
rs152	3853637	3.853637	0.1774	4665.28	0.6596	4728.35	-1.50935
rs153	3854816	3.854816	0.6297	7584.21	0.8553	4328.69	-0.99325
rs154	3899921	3.899921	0.368	2350.13	0.1888	1101.75	-1.02054
rs155	3908807	3.908807	0.8487	2442.37	0.5117	6205.86	-0.55807
rs156	3954051	3.954051	0.6588	8965.72	0.3358	2574.06	-0.60401
rs157	4029709	4.029709	0.3471	4129.25	0.3871	4833.97	0.80498
rs158	4082776	4.082776	0.7786	717.37	0.2983	1518.8	0.38821
rs159	4087893	4.087893	0.1134	2883.43	0.1851	1354.58	0.30069
rs160	4093910	4.09391	0.3651	2378.9	0.5953	4581.62	-0.14619
rs161	4109185	4.109185	0.8233	599.22	0.5886	535.22	0.75833
rs162	4162263	4.162263	0.578	668.07	0.1922	720.05	1.27472
rs163	4173293	4.173293	0.2762	10798.67	0.4256	2950.07	0.36161
rs164	4186569	4.186569	0.6925	419.64	0.3801	11.57	-1.6314
rs165	4227397	4.227397	0.4792	176.2	0.2525	2538.25	0.05804
rs166	4255422	4.255422	0.8383	62.87	0.3224	2260.82	0.8118
rs167	4279112	4.279112	0.6962	8676.49	0.5606	10482.9	1.80511
rs168	4279729	4.279729	0.3719	6290.24	0.4765	38.58	-1.06782
rs169	4286718	4.286718	0.1728	8774.73	0.172	1021.09	-0.39004
rs170	4306815	4.306815	0.7801	6003.55	0.4216	1775.4	-0.24744
rs171	4322353	4.322353	0.8429	5881.08	0.2562	14974.44	0.09537
rs172	4375504	4.375504	0.5015	3839.81	0.4549	7530.76	-0.56554
rs173	4400100	4.4001	0.4701	1740.65	0.3716	3271.72	0.54261
rs174	4433889	4.433889	0.6524	13853.42	0.712	8469.74	1.73914
rs175	4473931	4.473931	0.1054	4860.63	0.6148	7114.53	-0.26512
rs176	4480645	4.480645	0.3798	17727.7	0.5015	181.04	-0.74109
rs177	4481956	4.481956	0.2937	3014.3	0.1345	664.29	-1.12733
rs178	4535449	4.535449	0.2488	11226.13	0.1429	282.94	1.82063
rs179	4574065	4.574065	0.5742	1847.41	0.2131	4440.39	-1.5163
rs180	4580790	4.58079	0.2449	1101.99	0.1245	5209.1	0.36191
rs181	4584813	4.584813	0.2594	755.89	0.8593	14970.59	1.51888
rs182	4586454	4.586454	0.6651	667.7	0.2732	1376.94	-0.51605
rs183	4602515	4.602515	0.4677	4095.56	0.6806	3742.27	-0.39021
rs184	4606060	4.60606	0.3026	701.98	0.7192	817.21	1.16268
rs185	4665309	4.665309	0.3396	6511.59	0.6293	4064.33	0.50491
rs186	4677024	4.677024	0.1847	1668.89	0.4532	7386.58	-2.39224
rs187	4706352	4.706352	0.7897	13471.38	0.8969	129.66	-1.7521
rs188	4723269	4.723269	0.6396	2312.61	0.462	2350.06	0.3217
rs189	4763394	4.763394	0.2001	111.34	0.4658	14083.53	-1.12081
rs190	4818322	4.818322	0.1862	5574.63	0.3226	3.48	0.63166
rs191	4825913	4.825913	0.713	5843.26	0.3738	4072.46	1.66285
rs192	4833094	4.833094	0.2445	6158.76	0.638	20078.25	1.1446
rs193	4836594	4.836594	0.2267	8677.29	0.4921	3785.87	-0.98241
rs194	4854322	4.854322	0.275	7605.51	0.2292	1462.1	-1.14182
rs195	4873730	4.87373	0.3038	3432.22	0.1175	3784.18	-0.75021
rs196	4921130	4.92113	0.6459	1635.57	0.3035	97.57	0.54597
rs197	4931082	4.931082	0.4013	1093.08	0.5042	7359.04	-1.45258
rs198	4948462	4.948462	0.1763	7723.51	0.6746	818.34	2.00715
rs199	4958766	4.958766	0.8484	8652.28	0.3533	19240.6	0.55957
rs200	4980387	4.980387	0.3059	2853.54	0.3714	1106.5	0.72937
